待拒 40 / 共 72 个命中且从没拒过的会话
暂停回复轮: {'message': '回复已暂停（人工接管模式）', 'status': 'ok'}
  号0 安女士｜唐门设备: 已拒绝：岗位类型「家教」
  号0 潘女士｜长沙惠聚有品文化传媒: 已拒绝：岗位类型「老师」
  号0 林志平｜长沙维港优品贸易: 已拒绝：岗位类型「合伙人」
  号0 李女士｜昆明育光教育科技: 已拒绝：岗位类型「老师」
  号0 唐女士｜学洲教育: 已拒绝：岗位类型「老师」
  号0 刘基远｜安博文化培训学校: 已拒绝：岗位类型「老师」
  号0 贾先生｜长沙优途前途留学...: 已拒绝：岗位类型「老师」
  号0 赵女士｜火花思维: 已拒绝：岗位类型「老师」
  号0 赵先生｜上海优思汇科技: 已拒绝：岗位类型「老师」
  号0 苏雅婷｜义乌上元教育: 已拒绝：岗位类型「讲师」
  号0 刘涵｜伴鱼: 已拒绝：岗位类型「老师」
  号0 成世树｜市北区鑫汇新东坊...: 已拒绝：岗位类型「合伙人」
  号0 颜佩｜珀瑞缇: 已拒绝：岗位类型「老师」
  号0 何女士｜湖南影谱文化有限公司: 已拒绝：岗位类型「老师」
  号0 解女士｜沈阳市飞百培优励...: 已拒绝：岗位类型「老师」
  号0 彭秀丽｜塔业咨询: 已拒绝：岗位类型「老师」
  号0 毕女士｜石家庄越霸文化传播: 已拒绝：岗位类型「老师」
  号0 高先生｜湖南慧链教育科技: 已拒绝：岗位类型「老师」
  号0 王女士｜远杨文化: 已拒绝：岗位类型「家教」
  号0 尹女士｜阜阳阿巴阿巴文化传媒: 已拒绝：岗位类型「主播」
  号0 梁女士｜北京成功教育咨询: 已拒绝：岗位类型「讲师」
  号0 马女士｜东营捷科软件有限公司: 已拒绝：岗位类型「老师」
  号0 李先生｜上海颖集信息咨询: 已拒绝：岗位类型「讲师」
  号0 丁女士｜杭州倏忆教育科技: 已拒绝：岗位类型「老师」
  号0 柯女士｜合肥市棱箫琼科技: 已拒绝：岗位类型「老师」
侧栏滚到底、搜索也找不到会话 [王女士|河北堂果教育科技]，跳过
  号0 王女士｜河北堂果教育科技: 跳过：页面上按 姓名+公司 找不到这一行
  号0 王先生｜湖南军荣教育管理: 已拒绝：岗位类型「老师」
  号0 刘女士｜时屹文化: 已拒绝：岗位类型「直播」
  号0 李女士｜河南晋级科技: 已拒绝：岗位类型「老师」
  号0 李女士｜智课堂: 已拒绝：岗位类型「老师」
  号0 陈女士｜卓树未来科技有限公司: 异常：PageDisconnectedError: 
与页面的连接已断开。
版本: 4.1.1.4
侧栏滚到底、搜索也找不到会话 [李先生|宇翼美术工作室]，跳过
  号0 李先生｜宇翼美术工作室: 跳过：页面上按 姓名+公司 找不到这一行
侧栏滚到底、搜索也找不到会话 [熊婧儒|湖南育龙华兴说吧...]，跳过
  号0 熊婧儒｜湖南育龙华兴说吧...: 跳过：页面上按 姓名+公司 找不到这一行
侧栏滚到底、搜索也找不到会话 [马先生|东营东科继续教育...]，跳过
  号0 马先生｜东营东科继续教育...: 跳过：页面上按 姓名+公司 找不到这一行
侧栏滚到底、搜索也找不到会话 [刘闯|无锡澜钧咨询管理]，跳过
  号0 刘闯｜无锡澜钧咨询管理: 跳过：页面上按 姓名+公司 找不到这一行
侧栏滚到底、搜索也找不到会话 [张女士|问名师]，跳过
  号0 张女士｜问名师: 跳过：页面上按 姓名+公司 找不到这一行
侧栏滚到底、搜索也找不到会话 [朱洵|启善尚行]，跳过
  号0 朱洵｜启善尚行: 跳过：页面上按 姓名+公司 找不到这一行
  号0 叶思雨｜湖南哆哆动脑教育科技: 异常：RuntimeError: 9222 上坐着的是别的项目的浏览器，拒绝在这个号上动手
  号0 龚女士｜杭州非说不可文化艺术: 异常：RuntimeError: 9222 上坐着的是别的项目的浏览器，拒绝在这个号上动手
  号0 陆女士｜湖南点睛时代教育科技: 异常：RuntimeError: 9222 上坐着的是别的项目的浏览器，拒绝在这个号上动手
恢复回复轮: {'message': '回复已恢复', 'status': 'ok'}

处理 40 单，真拒掉 29 单，跳过/失败 11 单
