面板已起在 http://127.0.0.1:5059 配置副本: C:\Users\35796\AppData\Local\Temp\boss_panel_0_dbyy1n
== 等面板就绪 ==
== 起破解版浏览器 ==
  [PASS] 加载 / 标题正确
  [PASS] 加载 / 主标题在页面上
  [PASS] 加载 / WebSocket 已连上
  [PASS] 指标 / 4 张卡
  [PASS] 指标 / 累计投递与后端一致
  [PASS] 指标 / 每日上限取自配置
  [PASS] 指标 / 今日已投递不会超过标签上写的上限
  [PASS] 指标 / 账号范围切换可用
  [PASS] 指标 / 切到账号2 后数值随之变化
  [PASS] 记录 / 投递记录有数据
  [PASS] 记录 / 状态筛选控件可定位
  [PASS] 记录 / 状态筛选生效（行数变少且都是跳过）
  [PASS] 聊天 / 会话列表渲染
  [PASS] 聊天 / 回复记录页签切得过去
  [PASS] 聊天(账号1) / 前端行数 = 后端消息数
  [PASS] 聊天(账号1) / 逐条文本与线上存储一致
  [PASS] 聊天(账号1) / 顺序一致（不重排）
  [PASS] 聊天(账号1) / 时间标签照搬线上
  [PASS] 聊天(账号1) / 我方/对方方向正确
  [PASS] 聊天(账号1) / 我方气泡贴着右边画（像素级）
  [PASS] 聊天(账号1) / 对方气泡贴着左边画（像素级）
  [PASS] 聊天(账号2) / 前端行数 = 后端消息数
  [PASS] 聊天(账号2) / 逐条文本与线上存储一致
  [PASS] 聊天(账号2) / 顺序一致（不重排）
  [PASS] 聊天(账号2) / 时间标签照搬线上
  [PASS] 聊天(账号2) / 我方/对方方向正确
  [PASS] 聊天(账号2) / 我方气泡贴着右边画（像素级）
  [PASS] 聊天(账号2) / 对方气泡贴着左边画（像素级）
  [PASS] 聊天 / 来源标签都是中文，不直出内部键
  [PASS] 会话身份 / 同昵称 王先生×10 各自显示自己那一路
  [PASS] 会话身份 / 同昵称 王先生×10 的 data-mid 互不重叠
  [PASS] 会话身份 / 列表把身份显示出来（姓名+公司）
  [PASS] 会话身份 / 全部账号下撞车的身份挂了账号标记
  [PASS] AI / 每个接口都有状态点
  [PASS] AI / 体检结果已落盘并显示
  [PASS] AI / 单个重测后状态更新
  [PASS] AI / 判分预算输入框已按配置回填
  [PASS] AI / 预算已存进后端配置
  [PASS] AI / 判分质量行有统计
  [PASS] AI / 判分质量接口给出兜底率
  [PASS] AI / 前端不再自带默认规则抄本
  [PASS] AI / 恢复默认拿到的是引擎默认规则
  [PASS] 配置 / 改动能存进后端
  [PASS] 配置 / 保存有轻提示反馈
  [PASS] 演练 / 开关改动存得进后端
  [PASS] 配置 / 前端整体回写不抹掉 theme
  [PASS] 演练 / 演练模式已落盘为 true
  [PASS] 开关 / advSkipUnhealthy 改动存得进后端
  [PASS] 开关 / advSelfEvolve 改动存得进后端
  [PASS] 演练 / 再点一次能关回 false
  [PASS] 跟进配置 / 6 个数字框都按配置回填了
  [PASS] 跟进配置 / 改次数存得进后端
  [PASS] 跟进配置 / 主动跟进开关存得进后端
  [PASS] 跟进配置 / 再点一次能关回原值
  [PASS] 交互 / 编辑模板弹窗能打开
  [PASS] 交互 / Esc 能关弹窗
  [PASS] 交互 / 主题切换生效
  [PASS] 交互 / 断线横幅出现/消失
  [PASS] 布局 / 宽屏 4 列
  [PASS] 可达性 / 无文字按钮都有 title/aria-label
  [PASS] 多账号 / 打招呼记录接口按账号分
  [PASS] 多账号 / 记录里的账号字段正确
  [PASS] 多账号 / 不再有 cookie 文件名当账号名
  [PASS] 多账号 / 切到账号2 后打招呼记录只剩该账号
  [PASS] 多账号 / 操作条标明当前范围
  [PASS] 多账号 / 暂停按钮写着只对当前账号生效
  [PASS] 多账号 / 回复分组接口按账号分
  [PASS] 多账号 / 回复分组带账号字段
  [PASS] 多账号 / 聊天列表跟着账号切
  [PASS] 多账号 / 暂停/恢复走单账号路由
  [PASS] 多账号 / 导出链接带账号参数
  [PASS] 多账号 / 登录确认只发给要登录的号
  [PASS] 配置异常响应 / 接口返回没有 accounts 时不覆盖界面配置
  [PASS] 多账号 / 全部账号范围才用全局路由
  [PASS] 多账号 / 清空前说清会不会波及其他账号
  [PASS] 多账号 / 范围外的实时行被挡掉
  [PASS] 多账号 / 恢复真接口后账号2 记录数对得上
  [PASS] 多账号 / Cookie 点已自动刷新（不靠手点）
  [PASS] 多账号 / 账号状态点能说明阶段
  [PASS] 多账号 / 切回全部账号后实时行不再过滤
  [PASS] 多账号 / 切回全部账号能看到所有记录
  [PASS] 图标 / 看得见的图标都不小于 14px
  [PASS] 图标 / 面板确实挂着雪碧图图标
  [PASS] BOSS视图 / 刷新按钮带图标
  [PASS] BOSS视图 / 不再出现 [图片] 这类方括号占位
  [PASS] 左栏 / 摊开的说明都是一行内的短句
  [PASS] 左栏 / 配置预览默认收起
  [PASS] 左栏 / 按号独立清单默认收起
  [PASS] 左栏 / 点标题能展开看完整清单
  [PASS] 左栏 / 展开后清单真的占出高度
  [PASS] 左栏 / 再点一次收回去
  [PASS] 左栏 / 同一容器里的控件都对到同一条竖线上
  [PASS] 左栏 / 没有横向滚动条
  [PASS] 左栏 / 对齐检查覆盖到的行数够多
  [PASS] 左栏 / 否决词说明不再被挤成一小坨
  [PASS] 图标 / 左上角用的是图标库的 svg
  [PASS] 图标 / logo 尺寸够看清
  [PASS] 图标 / 导出图标是竖版画布（不是宽扁透视桌）
  [PASS] 运行控制 / 启动是同一套胶囊样式
  [PASS] 运行控制 / 图标没被 innerHTML 写丢
  [PASS] 运行控制 / 胶囊圆角
  [PASS] 运行控制 / 停止与启动同形状（只换配色）
  [PASS] 运行控制 / 运行态下停止按钮可见且带图标
  [PASS] 运行控制 / 暂停/恢复按钮改文字时不吞图标
  [PASS] 运行控制 / 测完收回未启动态
  [PASS] 主题 / 首帧就是深色（不用等接口回来才转暗）
  [PASS] 稳定性 / 操作过程中无 JS 报错

== 合计 107 项，失败 0 项 ==
dashboard 退出码: 0
