============================================================
  账号区 UI — 真机点击测试
  账号：['主账号', '账号2']
============================================================
  使用浏览器: C:\Users\35796\orca\boss_bot\cloakbrowser\chrome.exe
  [PASS] 开机零点击就有数据范围条（不用等 20 秒轮询） — chip 3 个 / 期望 3 个
  [PASS] 默认高亮在「全部账号」 — 全部账号
  [PASS] 数据范围条重绘后 chip 还是同一个节点
  [PASS] 点一下 chip 高亮立即换人 — 点的是「账号2」，现在高亮「账号2」
  [PASS] 切换后作用对象提示跟着改 — （仅账号「账号2」独立生效）
  [PASS] 打招呼记录表按新范围重拉（前几行与后端一致） — 界面 ai数据分析师|上美股份 || AI数据分析师（AI大数据 上市公司）|上海某中型移动互联网公司 || 27届-数据分析师（国际化金融） (MJ019597)|滴滴 / 接口 ai数据分析师|上美股份 || AI数据分析师（AI大数据 上市公司）|上海某中型移动互联网公司 || 27届-数据分析师（国际化金融） (MJ019597)|滴滴
  [PASS] 「确认登录」按钮已从界面撤掉（函数也一起删了）
  [PASS] 左侧账号行带「登录」按钮 — 2 个
  [PASS] 左侧账号行带 Cookie 状态点
  [PASS] 检测给出可核对的结论（不启浏览器时说明未联网核对） — Cookie 有效：本地 Cookie 文件（未联网核对）：登录 Cookie 齐全（wbg, bst, wt2, zp_at），含会话级 Cookie ## Cookie 有效：本地 Cookie 文件（未联网核对）：登录 Cookie 齐全（wt2, wbg, zp_at, bst），最短剩余 
  [PASS] 选中新号后招呼语框里是按本账号信息生成的默认（不是全局模板） — '您好～我是统计学本科，在长沙找AI漫剧的机会。看到贵司这个岗位和我的方向挺匹配，方便的话想把简历发您细聊，工作日下午可以'
  [PASS] 招呼语落到这个账号自己的配置里 — UI实测招呼语-勿与全局模板混淆
  [PASS] 其它账号的招呼语没被一起改掉 — ['您好～我是统计学本科，在长沙找数据分析的机会。平时用Excel、SQL、Python、数据分析做数据整理和分析，负责业务数据报表与洞察分析。看到贵司这个岗位
  [PASS] 每个账号的默认各按各的信息生成，不是一句复制两份 — ['您好～我是统计学本科，在长沙找数据分析的机会。平时用Excel、SQL、Python、数据分析做数据整理和分析，负责业务数据报表与洞察分析。看到贵司这个岗位和我的方向挺匹配，方便的话想把简历发您细聊，工作日下午可以面试。']
  [PASS] 配置里没有全局招呼语可供回落 — None
  [PASS] 清空后配置里真的是空的（说明确实是界面改的，不是没保存）
  [PASS] 空着的账号会被补回一条按本账号信息生成的默认 — '您好～我是统计学本科，在长沙找数据分析的机会。平时用Excel、SQL、Python、数据分析做数据整理和分析，负责业务'
  [PASS] 招呼语旁边有「重新生成」入口 — 1 个
  [PASS] 点「重新生成」后框里仍是这条默认（幂等，不会越点越乱） — '您好～我是统计学本科，在长沙找数据分析的机会。平时用Excel、SQL、Python、数据分析做数据整理和分析，负责业务'
  [PASS] 重新生成真的落到这个账号的配置里 — '您好～我是统计学本科，在长沙找数据分析的机会。平时用Excel、SQL、Python、数据分析做数据整理和分析，负责业
  [PASS] 新建岗位弹窗的招呼语框不预填话术 — ''
  [PASS] 岗位招呼语写明留空走账号级 — 城市|搜索关键词|翻页数|打招呼消息（岗位专属，留空则用账号级招呼语）|作品图片
  [PASS] 新增账号后列表多一行 — 3 行
  [PASS] 新增的号也拿到一条按它自己信息生成的默认 — '您好～我是统计学本科，在上海找数据分析的机会。平时用Excel、SQL、Python、数据分析做数据整理和分析，负责业务'
  [PASS] 新增后作用对象切到新号 — （仅账号「账号3」独立生效）
  [PASS] 点账号行一次就切数据范围（右侧记录跟着换） — dataScope=0，点上用了 1 次
  [PASS] 点中的账号行有高亮
  [PASS] 轮询重绘后账号行还是同一个节点 — 整块 innerHTML 重建会让正在被点的那一行中途消失
  [PASS] 重绘之后马上点仍然一次生效 — dataScope=1
  [PASS] 填过招呼语的号：不出现整号级提示 — display=none 主账号  还没填自己的招呼语，现在发的是按本账号信息自动生成的默认（发送时 AI 会按岗位+公司+JD 现编一条更贴的）
  [PASS] 没填招呼语的号：打招呼区顶上前点名提示 — display=flex 主账号 还没填自己的招呼语，现在发的是按本账号信息自动生成的默认（发送时 AI 会按岗位+公司+JD 现编一条更贴的）。想固定成自己的话：
去填写
  [PASS] 提示里有「去填写」入口 — 1 个按钮
  [PASS] 提示重绘后「去填写」还是同一个按钮
  [PASS] 点「去填写」把编辑目标切到这个号并聚焦招呼语框 — activeAccountIdx=0 focus=accGreeting hits=1 greetTab=true alertDisp=flex
============================================================
  Cookie 文件跑前 sha：{'zhipin_cookies.json': '7a16e376932f4b9b', 'zhipin_cookies_1.json': '622e176d0417974b'}
  Cookie 文件跑后 sha：{'zhipin_cookies.json': '7a16e376932f4b9b', 'zhipin_cookies_1.json': '622e176d0417974b'}
  [PASS] Cookie 一个字节都没动
============================================================
  共 35 项，失败 0 项
