
==================================================================
账号 0（主账号）　审计日 2026-10-02
  BOSS 会话列表读到 293 条，其中「2026-10-02」0 条
  本地打招呼记录 250 条 → 真正发出 65 条（2026-10-02 发出 0 条）
  2026-10-02 本地记录：共 112 条 / 未配置招呼语 91 / AI 判不匹配 21
  2026-10-02 日志行数：{'未配置招呼语': 182, 'AI 判定不匹配': 21, '已沟通过': 0}
    未配置招呼语: 日志 182 行 / 记录 91 条 = 2.00
    AI 判定不匹配: 日志 21 行 / 记录 21 条 = 1.00
  本地回复记录 574 条，覆盖会话 50 个
  累计跳过原因分布: {'<无>': 65, '发送消息异常': 2, '该岗位之前已投递过（继续沟通': 2, 'AI判定不匹配': 5, '该岗位HR已拒绝过，跳过打招': 8, 'AI判定不匹配: 求职者具备': 26, 'AI判定不匹配: 求职者为统': 4, 'AI判定不匹配: 求职者统计': 4, 'AI判定不匹配: 求职者为数': 1, 'AI判定不匹配: 岗位为财务': 5, 'AI判定不匹配: 求职者意向': 6, '运行已停止': 2, 'AI判定不匹配: 求职者目标': 2, 'AI判定不匹配: 统计学本科': 1, 'AI判定不匹配: 求职意向为': 3, 'AI判定不匹配: 求职者研究': 1, 'AI判定不匹配: 求职者背景': 2, 'AI判定不匹配: 岗位为大数': 3, 'AI判定不匹配: 求职者的数': 1, 'AI判定不匹配: 岗位为软件': 1, 'AI判定不匹配: 求职者的背': 1, 'AI判定不匹配: 岗位为仪器': 1, 'AI判定不匹配: 岗位为数据': 4, 'AI判定不匹配: 求职者技能': 1, 'AI判定不匹配: 简历侧重数': 1, 'AI判定不匹配: 岗位为AI': 2, '本账号未配置招呼语：留空即不': 91, 'AI判定不匹配: 该岗位为数': 2, 'AI判定不匹配: 未命中用户': 1, 'AI判定不匹配: 简历偏初级': 1, 'AI判定不匹配: 岗位为职业': 1}

==================================================================
账号 1（账号2）　审计日 2026-10-02
  BOSS 会话列表读到 173 条，其中「2026-10-02」3 条
  本地打招呼记录 512 条 → 真正发出 120 条（2026-10-02 发出 0 条）
  2026-10-02 本地记录：共 106 条 / 未配置招呼语 92 / AI 判不匹配 14
  2026-10-02 日志行数：{'未配置招呼语': 184, 'AI 判定不匹配': 14, '已沟通过': 0}
    未配置招呼语: 日志 184 行 / 记录 92 条 = 2.00
    AI 判定不匹配: 日志 14 行 / 记录 14 条 = 1.00
  本地回复记录 227 条，覆盖会话 85 个
  累计跳过原因分布: {'<无>': 120, 'AI判定不匹配: 求职者的统': 3, 'AI判定不匹配: 求职者在统': 11, 'AI判定不匹配: 求职者求职': 4, 'AI判定不匹配: 求职者具备': 139, 'AI判定不匹配: 求职意向与': 20, 'AI判定不匹配: 候选人具备': 26, 'AI判定不匹配: 求职者目标': 4, 'AI判定不匹配: 求职者统计': 34, 'AI判定不匹配: 候选人的统': 2, '页面加载失败': 1, 'AI判定不匹配: 岗位为游戏': 5, 'AI判定不匹配: 候选者具备': 1, 'AI判定不匹配: 岗位名称（': 5, 'AI判定不匹配: 岗位名称涉': 3, 'AI判定不匹配: 统计学背景': 1, 'AI判定不匹配: 求职者为数': 4, 'AI判定不匹配: 求职者定位': 1, 'AI判定不匹配: 求职者意向': 4, 'AI判定不匹配: 岗位为AI': 2, 'AI判定不匹配: 求职者背景': 6, 'AI判定不匹配: 求职者为统': 2, 'AI判定不匹配: 岗位为新媒': 1, 'AI判定不匹配: 求职者为初': 1, 'AI判定不匹配: 岗位为销售': 1, 'AI判定不匹配: 招聘岗位为': 2, 'AI判定不匹配: 岗位为编程': 1, 'AI判定不匹配: 岗位为商务': 1, 'AI判定不匹配: 求职者的数': 2, 'AI判定不匹配: 统计学本科': 1, 'AI判定不匹配: 候选人统计': 1, 'AI判定不匹配: 求职者专业': 2, '本账号未配置招呼语：留空即不': 92, 'AI判定不匹配: 岗位为米哈': 2, 'AI判定不匹配: 岗位为数据': 3, 'AI判定不匹配: 岗位为商业': 1, 'AI判定不匹配: 求职者技能': 1, 'AI判定不匹配: 岗位为高级': 1, 'AI判定不匹配: 岗位为京东': 1}
     · 2026-10-02 付女士 | 字节跳动 | 昨天 | AIGC生成师个人简历.docx
     · 2026-10-02 郭女士 | 湖南林诺 | 昨天 | 您正在与Boss郭女士沟通
     · 2026-10-02 江女士 | 孤波 | 昨天 | 好的，我稍后把简历整理好发给您，感谢您的关注。

==================================================================
  Cookie 跑前: {'zhipin_cookies.json': '7a16e376932f4b9b', 'zhipin_cookies_1.json': '622e176d0417974b'}
  Cookie 跑后: {'zhipin_cookies.json': '7a16e376932f4b9b', 'zhipin_cookies_1.json': '622e176d0417974b'}
==================================================================
  审计结论: 四方一致，未发现差异
  · 账号0: 3 个记为已发出的公司在 BOSS 会话列表里找不到（['本科', '深圳小智', '湖南星联智创科技']），这些发送集中在 ['2026-09-19', '2026-09-21', '2026-09-27', '2026-09-28']
  · 账号1: 7 个记为已发出的公司在 BOSS 会话列表里找不到（['某大型专业空调公司', '某大型互联网内容平台公司', '某大型电子商务公司', '某大型知名互联网公司', '某小型互联网公司']），这些发送集中在 ['2026-09-29']
